0, ffff0
1, bc8
2, 8e9
3, 7
4, 1bc8
5, 7c8
6, 28e9
7, 807
8, 407
9, c07
10, 3dea
11, 207
12, 17c8
13, fc8
14, 18e9
15, ffed
16, 2feb
17, 38e9
18, 7dea
19, 3ea
20, a07
21, 1fc8
22, 43ea
23, 7ffef
24, 1ffee
25, 28
26, 1028
27, 828
28, 1828
29, 428
30, 23ea
31, 1428
32, c28
33, 4e9
34, afeb
35, 1c28
36, 607
37, e07
38, 228
39, 24e9
40, 107
41, 1228
42, 907
43, 507
44, a28
45, 63ea
46, 1a28
47, 14e9
48, d07
49, 34e9
50, 307
51, b07
52, 707
53, f07
54, 628
55, 1628
56, ce9
57, 2ce9
58, 87
59, 2ffed
60, e28
61, 13ea
62, 1e28
63, 6feb
64, 5ffee
65, 887
66, 1ce9
67, 3ce9
68, 128
69, 1128
70, 487
71, 928
72, 1928
73, 2e9
74, c87
75, 528
76, 1528
77, 287
78, a87
79, 53ea
80, d28
81, 1d28
82, 328
83, 1328
84, b28
85, 22e9
86, 33ea
87, 12e9
88, 1b28
89, 687
90, 728
91, e87
92, 187
93, 32e9
94, 73ea
95, 1728
96, f28
97, efeb
98, 1f28
99, a8
100, bea
101, 987
102, 4bea
103, 587
104, 10a8
105, ae9
106, 8a8
107, 1feb
108, d87
109, 18a8
110, 2bea
111, 387
112, b87
113, 4a8
114, 2ae9
115, 6bea
116, 787
117, 14a8
118, 1bea
119, ca8
120, 1ca8
121, 2a8
122, 1ae9
123, 12a8
124, aa8
125, f87
126, 1aa8
127, 6a8
128, 5bea
129, 3ae9
130, 47
131, 7fec
132, 16a8
133, ea8
134, 1ea8
135, 3bea
136, 847
137, 447
138, 1a8
139, 6e9
140, 11a8
141, 9a8
142, c47
143, 26e9
144, 19a8
145, 16e9
146, 247
147, 36e9
148, 5a8
149, 15a8
150, ee9
151, a47
152, 647
153, da8
154, 1da8
155, e47
156, 17fec
157, 147
158, 3a8
159, 9feb
160, 13a8
161, 2ee9
162, 947
163, ba8
164, 1ba8
165, 1ee9
166, 547
167, 7bea
168, 7ea
169, d47
170, 3ee9
171, 347
172, 1e9
173, 21e9
174, 47ea
175, 7a8
176, b47
177, 17a8
178, fa8
179, 747
180, 11e9
181, 27ea
182, 1ffff0
183, 5feb
184, f47
185, c7
186, 31e9
187, 67ea
188, 1fa8
189, 3ffee
190, 17ea
191, 68
192, 8c7
193, 1068
194, 868
195, dfeb
196, 1868
197, 9e9
198, 468
199, 29e9
200, 1468
201, 19e9
202, c68
203, 1c68
204, 268
205, 57ea
206, 1268
207, 4c7
208, a68
209, cc7
210, 39e9
211, 5e9
212, 37ea
213, 2c7
214, 1a68
215, ac7
216, 77ea
217, 668
218, fea
219, 1668
220, 6c7
221, 3feb
222, ec7
223, 25e9
224, 15e9
225, 1c7
226, e68
227, 35e9
228, 1e68
229, 168
230, 1168
231, 968
232, 1968
233, 568
234, 9c7
235, 5c7
236, 1568
237, d68
238, 1d68
239, 368
240, 4fea
241, 1368
242, b68
243, dc7
244, de9
245, 2de9
246, 1b68
247, 768
248, 1768
249, 1de9
250, f68
251, bfeb
252, 3c7
253, 1f68
254, e8
255, 10e8
